// Jest Snapshot v1, https://goo.gl/fbAQLP

exports[`schema allows additional top-level fields 1`] = `null`;

exports[`schema allows up to 10k tokens 1`] = `null`;

exports[`schema checks extensions 1`] = `null`;

exports[`schema checks extensions 2`] = `
Array [
  Object {
    "instancePath": "/tokens/0/extensions/abc",
    "keyword": "type",
    "message": "must be string",
    "params": Object {
      "type": "string",
    },
    "schemaPath": "#/definitions/ExtensionPrimitiveValue/anyOf/0/type",
  },
  Object {
    "instancePath": "/tokens/0/extensions/abc",
    "keyword": "type",
    "message": "must be boolean",
    "params": Object {
      "type": "boolean",
    },
    "schemaPath": "#/definitions/ExtensionPrimitiveValue/anyOf/1/type",
  },
  Object {
    "instancePath": "/tokens/0/extensions/abc",
    "keyword": "type",
    "message": "must be number",
    "params": Object {
      "type": "number",
    },
    "schemaPath": "#/definitions/ExtensionPrimitiveValue/anyOf/2/type",
  },
  Object {
    "instancePath": "/tokens/0/extensions/abc",
    "keyword": "type",
    "message": "must be null",
    "params": Object {
      "type": "null",
    },
    "schemaPath": "#/definitions/ExtensionPrimitiveValue/anyOf/3/type",
  },
  Object {
    "instancePath": "/tokens/0/extensions/abc",
    "keyword": "anyOf",
    "message": "must match a schema in anyOf",
    "params": Object {},
    "schemaPath": "#/definitions/ExtensionPrimitiveValue/anyOf",
  },
  Object {
    "instancePath": "/tokens/0/extensions/abc",
    "keyword": "type",
    "message": "must be object",
    "params": Object {
      "type": "object",
    },
    "schemaPath": "#/anyOf/1/type",
  },
  Object {
    "instancePath": "/tokens/0/extensions/abc",
    "keyword": "anyOf",
    "message": "must match a schema in anyOf",
    "params": Object {},
    "schemaPath": "#/anyOf",
  },
  Object {
    "instancePath": "/tokens/0/extensions/def",
    "keyword": "type",
    "message": "must be string",
    "params": Object {
      "type": "string",
    },
    "schemaPath": "#/definitions/ExtensionPrimitiveValue/anyOf/0/type",
  },
  Object {
    "instancePath": "/tokens/0/extensions/def",
    "keyword": "type",
    "message": "must be boolean",
    "params": Object {
      "type": "boolean",
    },
    "schemaPath": "#/definitions/ExtensionPrimitiveValue/anyOf/1/type",
  },
  Object {
    "instancePath": "/tokens/0/extensions/def",
    "keyword": "type",
    "message": "must be number",
    "params": Object {
      "type": "number",
    },
    "schemaPath": "#/definitions/ExtensionPrimitiveValue/anyOf/2/type",
  },
  Object {
    "instancePath": "/tokens/0/extensions/def",
    "keyword": "type",
    "message": "must be null",
    "params": Object {
      "type": "null",
    },
    "schemaPath": "#/definitions/ExtensionPrimitiveValue/anyOf/3/type",
  },
  Object {
    "instancePath": "/tokens/0/extensions/def",
    "keyword": "anyOf",
    "message": "must match a schema in anyOf",
    "params": Object {},
    "schemaPath": "#/definitions/ExtensionPrimitiveValue/anyOf",
  },
  Object {
    "instancePath": "/tokens/0/extensions/def",
    "keyword": "type",
    "message": "must be object",
    "params": Object {
      "type": "object",
    },
    "schemaPath": "#/anyOf/1/type",
  },
  Object {
    "instancePath": "/tokens/0/extensions/def",
    "keyword": "anyOf",
    "message": "must match a schema in anyOf",
    "params": Object {},
    "schemaPath": "#/anyOf",
  },
  Object {
    "instancePath": "/tokens/0/extensions/tooLong",
    "keyword": "maxLength",
    "message": "must NOT have more than 42 characters",
    "params": Object {
      "limit": 42,
    },
    "schemaPath": "#/definitions/ExtensionPrimitiveValue/anyOf/0/maxLength",
  },
  Object {
    "instancePath": "/tokens/0/extensions/tooLong",
    "keyword": "type",
    "message": "must be boolean",
    "params": Object {
      "type": "boolean",
    },
    "schemaPath": "#/definitions/ExtensionPrimitiveValue/anyOf/1/type",
  },
  Object {
    "instancePath": "/tokens/0/extensions/tooLong",
    "keyword": "type",
    "message": "must be number",
    "params": Object {
      "type": "number",
    },
    "schemaPath": "#/definitions/ExtensionPrimitiveValue/anyOf/2/type",
  },
  Object {
    "instancePath": "/tokens/0/extensions/tooLong",
    "keyword": "type",
    "message": "must be null",
    "params": Object {
      "type": "null",
    },
    "schemaPath": "#/definitions/ExtensionPrimitiveValue/anyOf/3/type",
  },
  Object {
    "instancePath": "/tokens/0/extensions/tooLong",
    "keyword": "anyOf",
    "message": "must match a schema in anyOf",
    "params": Object {},
    "schemaPath": "#/definitions/ExtensionPrimitiveValue/anyOf",
  },
  Object {
    "instancePath": "/tokens/0/extensions/tooLong",
    "keyword": "type",
    "message": "must be object",
    "params": Object {
      "type": "object",
    },
    "schemaPath": "#/anyOf/1/type",
  },
  Object {
    "instancePath": "/tokens/0/extensions/tooLong",
    "keyword": "anyOf",
    "message": "must match a schema in anyOf",
    "params": Object {},
    "schemaPath": "#/anyOf",
  },
]
`;

exports[`schema checks extensions with object 1`] = `null`;

exports[`schema checks extensions with too much nesting 1`] = `
Array [
  Object {
    "instancePath": "/tokens/0/extensions/withObject",
    "keyword": "type",
    "message": "must be string",
    "params": Object {
      "type": "string",
    },
    "schemaPath": "#/definitions/ExtensionPrimitiveValue/anyOf/0/type",
  },
  Object {
    "instancePath": "/tokens/0/extensions/withObject",
    "keyword": "type",
    "message": "must be boolean",
    "params": Object {
      "type": "boolean",
    },
    "schemaPath": "#/definitions/ExtensionPrimitiveValue/anyOf/1/type",
  },
  Object {
    "instancePath": "/tokens/0/extensions/withObject",
    "keyword": "type",
    "message": "must be number",
    "params": Object {
      "type": "number",
    },
    "schemaPath": "#/definitions/ExtensionPrimitiveValue/anyOf/2/type",
  },
  Object {
    "instancePath": "/tokens/0/extensions/withObject",
    "keyword": "type",
    "message": "must be null",
    "params": Object {
      "type": "null",
    },
    "schemaPath": "#/definitions/ExtensionPrimitiveValue/anyOf/3/type",
  },
  Object {
    "instancePath": "/tokens/0/extensions/withObject",
    "keyword": "anyOf",
    "message": "must match a schema in anyOf",
    "params": Object {},
    "schemaPath": "#/definitions/ExtensionPrimitiveValue/anyOf",
  },
  Object {
    "instancePath": "/tokens/0/extensions/withObject/1",
    "keyword": "type",
    "message": "must be string",
    "params": Object {
      "type": "string",
    },
    "schemaPath": "#/definitions/ExtensionPrimitiveValue/anyOf/0/type",
  },
  Object {
    "instancePath": "/tokens/0/extensions/withObject/1",
    "keyword": "type",
    "message": "must be boolean",
    "params": Object {
      "type": "boolean",
    },
    "schemaPath": "#/definitions/ExtensionPrimitiveValue/anyOf/1/type",
  },
  Object {
    "instancePath": "/tokens/0/extensions/withObject/1",
    "keyword": "type",
    "message": "must be number",
    "params": Object {
      "type": "number",
    },
    "schemaPath": "#/definitions/ExtensionPrimitiveValue/anyOf/2/type",
  },
  Object {
    "instancePath": "/tokens/0/extensions/withObject/1",
    "keyword": "type",
    "message": "must be null",
    "params": Object {
      "type": "null",
    },
    "schemaPath": "#/definitions/ExtensionPrimitiveValue/anyOf/3/type",
  },
  Object {
    "instancePath": "/tokens/0/extensions/withObject/1",
    "keyword": "anyOf",
    "message": "must match a schema in anyOf",
    "params": Object {},
    "schemaPath": "#/definitions/ExtensionPrimitiveValue/anyOf",
  },
  Object {
    "instancePath": "/tokens/0/extensions/withObject/1/anotherInvalidObject",
    "keyword": "type",
    "message": "must be string",
    "params": Object {
      "type": "string",
    },
    "schemaPath": "#/definitions/ExtensionPrimitiveValue/anyOf/0/type",
  },
  Object {
    "instancePath": "/tokens/0/extensions/withObject/1/anotherInvalidObject",
    "keyword": "type",
    "message": "must be boolean",
    "params": Object {
      "type": "boolean",
    },
    "schemaPath": "#/definitions/ExtensionPrimitiveValue/anyOf/1/type",
  },
  Object {
    "instancePath": "/tokens/0/extensions/withObject/1/anotherInvalidObject",
    "keyword": "type",
    "message": "must be number",
    "params": Object {
      "type": "number",
    },
    "schemaPath": "#/definitions/ExtensionPrimitiveValue/anyOf/2/type",
  },
  Object {
    "instancePath": "/tokens/0/extensions/withObject/1/anotherInvalidObject",
    "keyword": "type",
    "message": "must be null",
    "params": Object {
      "type": "null",
    },
    "schemaPath": "#/definitions/ExtensionPrimitiveValue/anyOf/3/type",
  },
  Object {
    "instancePath": "/tokens/0/extensions/withObject/1/anotherInvalidObject",
    "keyword": "anyOf",
    "message": "must match a schema in anyOf",
    "params": Object {},
    "schemaPath": "#/definitions/ExtensionPrimitiveValue/anyOf",
  },
  Object {
    "instancePath": "/tokens/0/extensions/withObject/1/anotherInvalidObject",
    "keyword": "anyOf",
    "message": "must match a schema in anyOf",
    "params": Object {},
    "schemaPath": "#/anyOf",
  },
  Object {
    "instancePath": "/tokens/0/extensions/withObject/1",
    "keyword": "anyOf",
    "message": "must match a schema in anyOf",
    "params": Object {},
    "schemaPath": "#/anyOf",
  },
  Object {
    "instancePath": "/tokens/0/extensions/withObject",
    "keyword": "anyOf",
    "message": "must match a schema in anyOf",
    "params": Object {},
    "schemaPath": "#/anyOf",
  },
]
`;

exports[`schema checks token address 1`] = `
Array [
  Object {
    "instancePath": "/tokens/0/address",
    "keyword": "pattern",
    "message": "must match pattern \\"^0x[a-fA-F0-9]{40}$\\"",
    "params": Object {
      "pattern": "^0x[a-fA-F0-9]{40}$",
    },
    "schemaPath": "#/properties/address/pattern",
  },
]
`;

exports[`schema checks version 1`] = `
Array [
  Object {
    "instancePath": "/version/patch",
    "keyword": "minimum",
    "message": "must be >= 0",
    "params": Object {
      "comparison": ">=",
      "limit": 0,
    },
    "schemaPath": "#/definitions/Version/properties/patch/minimum",
  },
]
`;

exports[`schema checks version 2`] = `
Array [
  Object {
    "instancePath": "/version/minor",
    "keyword": "minimum",
    "message": "must be >= 0",
    "params": Object {
      "comparison": ">=",
      "limit": 0,
    },
    "schemaPath": "#/definitions/Version/properties/minor/minimum",
  },
]
`;

exports[`schema checks version 3`] = `
Array [
  Object {
    "instancePath": "/version/major",
    "keyword": "minimum",
    "message": "must be >= 0",
    "params": Object {
      "comparison": ">=",
      "limit": 0,
    },
    "schemaPath": "#/definitions/Version/properties/major/minimum",
  },
]
`;

exports[`schema cross chain extensions example 1`] = `null`;

exports[`schema empty list fails 1`] = `
Array [
  Object {
    "instancePath": "/tokens",
    "keyword": "minItems",
    "message": "must NOT have fewer than 1 items",
    "params": Object {
      "limit": 1,
    },
    "schemaPath": "#/properties/tokens/minItems",
  },
]
`;

exports[`schema fails with 10001 tokens 1`] = `
Array [
  Object {
    "instancePath": "/tokens",
    "keyword": "maxItems",
    "message": "must NOT have more than 10000 items",
    "params": Object {
      "limit": 10000,
    },
    "schemaPath": "#/properties/tokens/maxItems",
  },
]
`;

exports[`schema fails with big names 1`] = `
Array [
  Object {
    "instancePath": "/tokens/0/name",
    "keyword": "maxLength",
    "message": "must NOT have more than 60 characters",
    "params": Object {
      "limit": 60,
    },
    "schemaPath": "#/properties/name/maxLength",
  },
]
`;

exports[`schema invalid decimals 1`] = `
Array [
  Object {
    "instancePath": "/tokens/0/decimals",
    "keyword": "maximum",
    "message": "must be <= 255",
    "params": Object {
      "comparison": "<=",
      "limit": 255,
    },
    "schemaPath": "#/properties/decimals/maximum",
  },
]
`;

exports[`schema invalid decimals 2`] = `
Array [
  Object {
    "instancePath": "/tokens/0/decimals",
    "keyword": "minimum",
    "message": "must be >= 0",
    "params": Object {
      "comparison": ">=",
      "limit": 0,
    },
    "schemaPath": "#/properties/decimals/minimum",
  },
]
`;

exports[`schema invalid logo URI 1`] = `
Array [
  Object {
    "instancePath": "/tokens/0/logoURI",
    "keyword": "format",
    "message": "must match format \\"uri\\"",
    "params": Object {
      "format": "uri",
    },
    "schemaPath": "#/properties/logoURI/format",
  },
]
`;

exports[`schema invalid logo URI 2`] = `
Array [
  Object {
    "instancePath": "/logoURI",
    "keyword": "format",
    "message": "must match format \\"uri\\"",
    "params": Object {
      "format": "uri",
    },
    "schemaPath": "#/properties/logoURI/format",
  },
]
`;

exports[`schema invalid number of tags on token 1`] = `
Array [
  Object {
    "instancePath": "/tokens/0/tags",
    "keyword": "maxItems",
    "message": "must NOT have more than 10 items",
    "params": Object {
      "limit": 10,
    },
    "schemaPath": "#/properties/tags/maxItems",
  },
]
`;

exports[`schema invalid timestamp 1`] = `
Array [
  Object {
    "instancePath": "/timestamp",
    "keyword": "format",
    "message": "must match format \\"date-time\\"",
    "params": Object {
      "format": "date-time",
    },
    "schemaPath": "#/properties/timestamp/format",
  },
]
`;

exports[`schema minimum example schema 1`] = `null`;

exports[`schema requires name, timestamp, version, tokens 1`] = `
Array [
  Object {
    "instancePath": "",
    "keyword": "required",
    "message": "must have required property 'name'",
    "params": Object {
      "missingProperty": "name",
    },
    "schemaPath": "#/required",
  },
  Object {
    "instancePath": "",
    "keyword": "required",
    "message": "must have required property 'timestamp'",
    "params": Object {
      "missingProperty": "timestamp",
    },
    "schemaPath": "#/required",
  },
  Object {
    "instancePath": "",
    "keyword": "required",
    "message": "must have required property 'version'",
    "params": Object {
      "missingProperty": "version",
    },
    "schemaPath": "#/required",
  },
  Object {
    "instancePath": "",
    "keyword": "required",
    "message": "must have required property 'tokens'",
    "params": Object {
      "missingProperty": "tokens",
    },
    "schemaPath": "#/required",
  },
]
`;

exports[`schema token symbols may contain periods 1`] = `null`;

exports[`schema works for big example schema 1`] = `null`;

exports[`schema works for empty names and symbols 1`] = `null`;

exports[`schema works for example schema 1`] = `null`;

exports[`schema works for special characters schema 1`] = `null`;
